arm-none-eabi-gcc -o "Lab2_project.elf" @"objects.list"   -mcpu=cortex-m3 -T"E:\microprocessor_ReportLab2\Lab2_project\STM32F103C6TX_FLASH.ld" --specs=nosys.specs -Wl,-Map="Lab2_project.map" -Wl,--gc-sections -static --specs=nano.specs -mfloat-abi=soft -mthumb -Wl,--start-group -lc -lm -Wl,--end-group
Finished building target: Lab2_project.elf
 
arm-none-eabi-size   Lab2_project.elf 
arm-none-eabi-objdump -h -S  Lab2_project.elf  > "Lab2_project.list"
arm-none-eabi-objcopy  -O ihex  Lab2_project.elf  "Lab2_project.hex"
   text	   data	    bss	    dec	    hex	filename
   8348	     20	   1724	  10092	   276c	Lab2_project.elf
arm-none-eabi-objcopy  -O binary  Lab2_project.elf  "Lab2_project.bin"
Finished building: default.size.stdout
 
Finished building: Lab2_project.hex
Finished building: Lab2_project.bin
 
 
Finished building: Lab2_project.list
 
13:05:23 **** Incremental Build of configuration Debug for project Lab2_project ****
make -j8 all 
arm-none-eabi-size   Lab2_project.elf 
   text	   data	    bss	    dec	    hex	filename
   8348	     20	   1724	  10092	   276c	Lab2_project.elf
Finished building: default.size.stdout
 
